{
    "stub": {
        "content": [
            {
                "0": [
                    "stub_test_config.yaml:md5,d41d8cd98f00b204e9800998ecf8427e"
                ],
                "config": [
                    "stub_test_config.yaml:md5,d41d8cd98f00b204e9800998ecf8427e"
                ]
            }
        ],
        "meta": {
            "nf-test": "0.9.3",
            "nextflow": "25.04.6"
        },
        "timestamp": "2025-12-03T13:46:24.039539816"
    },
    "config": {
        "content": [
            "config.yaml:md5,f288f28cbaae3c26f2a5f819523ff0a4"
        ],
        "meta": {
            "nf-test": "0.9.3",
            "nextflow": "25.04.6"
        },
        "timestamp": "2025-12-03T13:45:35.427677876"
    }
}
