{
    "stub": {
        "content": [
            {
                "0": [
                    "test.tiff:md5,d41d8cd98f00b204e9800998ecf8427e"
                ],
                "predictions": [
                    "test.tiff:md5,d41d8cd98f00b204e9800998ecf8427e"
                ]
            }
        ],
        "meta": {
            "nf-test": "0.9.3",
            "nextflow": "25.04.6"
        },
        "timestamp": "2025-12-08T10:10:43.534885524"
    },
    "predictions": {
        "content": [
            "test.tiff:md5,fa2e6fb9f70ce2b86fd450fbc20458de"
        ],
        "meta": {
            "nf-test": "0.9.3",
            "nextflow": "25.04.6"
        },
        "timestamp": "2025-12-08T10:10:38.34872647"
    }
}